// Jest Snapshot v1, https://goo.gl/fbAQLP

exports[`SetTimeout should not render content after timeout when timer is not enabled 1`] = `<div />`;

exports[`SetTimeout should render content after timeout 1`] = `
<div>
  <p>
    Hello World!
  </p>
</div>
`;
